[enrich] 17 match(es) to process (refresh=False)
  [1/17] 724645  · 4 map(s) JDG vs TYL  (VCT 2026: China Stage 2)
  [2/17] 729758  · 3 map(s) ENVY vs G2  (VCT 2026: Americas Stage 2)
  [3/17] 729759  · 3 map(s) EG vs KRÜ  (VCT 2026: Americas Stage 2)
  [4/17] 730551  · 3 map(s) SP vs ONG  (VCT 2026: Pacific Stage 2)
  [5/17] 730552  · 2 map(s) T1 vs DFM  (VCT 2026: Pacific Stage 2)
  [6/17] 731404  · 2 map(s) EP vs TL  (VCT 2026: EMEA Stage 2)
  [7/17] 731406  · 2 map(s) BBL vs FF  (VCT 2026: EMEA Stage 2)
  [8/17] 724651  · 3 map(s) BLG vs TYL  (VCT 2026: China Stage 2)
  [9/17] 729756  · 2 map(s) BST vs G2  (VCT 2026: Americas Stage 2)
  [10/17] 729757  · 2 map(s) SEN vs KRÜ  (VCT 2026: Americas Stage 2)
  [11/17] 730549  · 2 map(s) ONG vs FS  (VCT 2026: Pacific Stage 2)
  [12/17] 730550  · 2 map(s) DFM vs ZETA  (VCT 2026: Pacific Stage 2)
  [13/17] 731402  · 3 map(s) TL vs SGE  (VCT 2026: EMEA Stage 2)
  [14/17] 731403  · 3 map(s) VIT vs FF  (VCT 2026: EMEA Stage 2)
  [15/17] 729750  · 3 map(s) MIBR vs ENVY  (VCT 2026: Americas Stage 2)
  [16/17] 729751  · 3 map(s) FUR vs EG  (VCT 2026: Americas Stage 2)
  [17/17] 731398  · 3 map(s) BBL vs FUT  (VCT 2026: EMEA Stage 2)
[enrich] done: 17 enriched, 0 tombstoned, 0 deferred, 0 failed
[csv] 2177 matches -> 114925 rounds, 8116 econ rows, 40540 player rows, 101375 matrix rows
[comps] 17 match(es) to collect
[comps] done: 17 collected, 0 failed
[enrich-new] 17 enriched, 17 comps, 54.4s
